/Users/german/Fuentes/projects/gfbase/gf-libs/util-lib/src/main/java/com/gf/util/logic/package-info.java
/Users/german/Fuentes/projects/gfbase/gf-libs/util-lib/src/main/java/com/gf/util/model/dto/crud/IdentifierDTO.java
/Users/german/Fuentes/projects/gfbase/gf-libs/util-lib/src/main/java/com/gf/util/model/dto/crud/RelevantDataDTO.java
/Users/german/Fuentes/projects/gfbase/gf-libs/util-lib/src/main/java/com/gf/util/model/dto/Coordinates.java
/Users/german/Fuentes/projects/gfbase/gf-libs/util-lib/src/main/java/com/gf/util/logic/StringUtil.java
/Users/german/Fuentes/projects/gfbase/gf-libs/util-lib/src/main/java/com/gf/util/model/dto/crud/package-info.java
/Users/german/Fuentes/projects/gfbase/gf-libs/util-lib/src/main/java/com/gf/util/logic/RandomUtil.java
/Users/german/Fuentes/projects/gfbase/gf-libs/util-lib/src/main/java/com/gf/util/model/dto/inquiry/Parameter.java
/Users/german/Fuentes/projects/gfbase/gf-libs/util-lib/src/main/java/com/gf/util/model/dto/inquiry/Criteria.java
/Users/german/Fuentes/projects/gfbase/gf-libs/util-lib/src/main/java/com/gf/util/logic/exception/package-info.java
/Users/german/Fuentes/projects/gfbase/gf-libs/util-lib/src/main/java/com/gf/util/model/dto/Amount.java
/Users/german/Fuentes/projects/gfbase/gf-libs/util-lib/src/main/java/com/gf/logic/cache/package-info.java
/Users/german/Fuentes/projects/gfbase/gf-libs/util-lib/src/main/java/com/gf/util/model/dto/inquiry/OrderRequest.java
/Users/german/Fuentes/projects/gfbase/gf-libs/util-lib/src/main/java/com/gf/util/logic/validation/ValidationUtil.java
/Users/german/Fuentes/projects/gfbase/gf-libs/util-lib/src/main/java/com/gf/util/model/dto/inquiry/PageData.java
/Users/german/Fuentes/projects/gfbase/gf-libs/util-lib/src/main/java/com/gf/util/logic/exception/APIException.java
/Users/german/Fuentes/projects/gfbase/gf-libs/util-lib/src/main/java/com/gf/util/logic/validation/package-info.java
/Users/german/Fuentes/projects/gfbase/gf-libs/util-lib/src/main/java/com/gf/util/model/domain/Operator.java
/Users/german/Fuentes/projects/gfbase/gf-libs/util-lib/src/main/java/com/gf/util/model/dto/package-info.java
/Users/german/Fuentes/projects/gfbase/gf-libs/util-lib/src/main/java/com/gf/util/model/domain/OrderType.java
/Users/german/Fuentes/projects/gfbase/gf-libs/util-lib/src/main/java/com/gf/util/model/dto/inquiry/ListRequest.java
/Users/german/Fuentes/projects/gfbase/gf-libs/util-lib/src/main/java/com/gf/util/model/dto/inquiry/package-info.java
/Users/german/Fuentes/projects/gfbase/gf-libs/util-lib/src/main/java/com/gf/util/logic/exception/GenericException.java
/Users/german/Fuentes/projects/gfbase/gf-libs/util-lib/src/main/java/com/gf/util/model/domain/package-info.java
/Users/german/Fuentes/projects/gfbase/gf-libs/util-lib/src/main/java/com/gf/util/model/dto/crud/FieldData.java
/Users/german/Fuentes/projects/gfbase/gf-libs/util-lib/src/main/java/com/gf/logic/cache/CacheManagerUtil.java
/Users/german/Fuentes/projects/gfbase/gf-libs/util-lib/src/main/java/com/gf/util/model/dto/inquiry/Pagination.java
/Users/german/Fuentes/projects/gfbase/gf-libs/util-lib/src/main/java/com/gf/util/logic/ClassUtils.java
/Users/german/Fuentes/projects/gfbase/gf-libs/util-lib/src/main/java/com/gf/logic/cache/CacheHelper.java
