/Users/german/Fuentes/projects/gfbase/gf-libs/util-lib/src/test/java/com/gf/util/logic/exception/APIExceptionTest.java
/Users/german/Fuentes/projects/gfbase/gf-libs/util-lib/src/test/java/com/gf/util/logic/RandomUtilTest.java
/Users/german/Fuentes/projects/gfbase/gf-libs/util-lib/src/test/java/com/gf/util/logic/StringUtilTest.java
/Users/german/Fuentes/projects/gfbase/gf-libs/util-lib/src/test/java/com/gf/logic/cache/CacheManagerUtilTest.java
/Users/german/Fuentes/projects/gfbase/gf-libs/util-lib/src/test/java/com/gf/util/AbstractCommonTest.java
/Users/german/Fuentes/projects/gfbase/gf-libs/util-lib/src/test/java/com/gf/logic/cache/CacheHelperTest.java
/Users/german/Fuentes/projects/gfbase/gf-libs/util-lib/src/test/java/com/gf/util/TesterUtil.java
/Users/german/Fuentes/projects/gfbase/gf-libs/util-lib/src/test/java/com/gf/util/logic/ClassUtilsTest.java
/Users/german/Fuentes/projects/gfbase/gf-libs/util-lib/src/test/java/com/gf/util/logic/validation/ValidationUtilTest.java
/Users/german/Fuentes/projects/gfbase/gf-libs/util-lib/src/test/java/com/gf/util/model/dto/inquiry/ListRequestTest.java
/Users/german/Fuentes/projects/gfbase/gf-libs/util-lib/src/test/java/com/gf/util/model/dto/DTOClass.java
/Users/german/Fuentes/projects/gfbase/gf-libs/util-lib/src/test/java/com/gf/logic/cache/TestKey.java
/Users/german/Fuentes/projects/gfbase/gf-libs/util-lib/src/test/java/com/gf/TuringTest.java
/Users/german/Fuentes/projects/gfbase/gf-libs/util-lib/src/test/java/com/gf/util/ModelLibTest.java
